// Jest Snapshot v1, https://goo.gl/fbAQLP

exports[`pluginがArrayの場合 1`] = `
"function greeterfixture(personfixture: string) {
  return \\"Hello, \\" + personfixture;
}

let userfixture = \\"Jane User\\";
greeterfixture(userfixture);"
`;

exports[`ts-handlerは変換後のコードを返す 1`] = `
"function greeterfixture(personfixture: string) {
  return \\"Hello, \\" + personfixture;
}

let userfixture = \\"Jane User\\";
greeterfixture(userfixture);"
`;
