// Jest Snapshot v1, https://goo.gl/fbAQLP

exports[`throw errors opts.after !== Array 1`] = `"Expected a Array got string"`;

exports[`throw errors opts.plugins !== Array 1`] = `"Expected a Array, got string"`;

exports[`throw errors opts.templates !== Array 1`] = `"Expected a Array got string"`;

exports[`throw errors opts.watch == null 1`] = `"required watch"`;
