// Jest Snapshot v1, https://goo.gl/fbAQLP

exports[`compileWithPlugin 1`] = `
"// @flow
const olleh = 'hello';"
`;

exports[`handlePlugin with input option 1`] = `
"// @flow
const olleh = 'hello';"
`;

exports[`handlePlugin write args 1`] = `
"// @flow
const olleh = 'hello';"
`;
