// Jest Snapshot v1, https://goo.gl/fbAQLP

exports[`called log with output result 1`] = `"TEMPLATE src/handlers/__tests__/fixtures/copy.js â†’ src/handlers/__tests__/fixtures/copy-result.js"`;
